=== dispatch T06b model=opencode-go/glm-5.3-flash variant=high at 2026-09-15T03:43:51+05:30
[0m
> Sisyphus - ultraworker · glm-5.3-flash
[0m
[0m→ [0mRead orchestration/instructions/WORKER.md
[0m→ [0mRead orchestration/tickets/T06b.md
[0m→ [0mRead PRD.md
[0m→ [0mRead DESIGN.md
[0m→ [0mRead PLAN.md
[0m→ [0mRead bin/omafan-keybindings
[0m→ [0mRead tests/keybindings.test.sh
[0m
[0m← [0mEdit bin/omafan-keybindings
Index: /home/prakhar/Work/tries/2026-09-15-omafan/bin/omafan-keybindings
===================================================================
--- /home/prakhar/Work/tries/2026-09-15-omafan/bin/omafan-keybindings
+++ /home/prakhar/Work/tries/2026-09-15-omafan/bin/omafan-keybindings
@@ -17,13 +17,25 @@
 # Overrides (tests and non-standard setups only):
 #   OMAFAN_HYPR_CONFIG   target file (default ~/.config/hypr/bindings.lua)
 #   OMAFAN_HYPRCTL       hyprctl command (default "hyprctl")
 #   OMAFAN_STATE_DIR     backup dir (default ~/.local/state/omafan-keybindings)
+#   OMAFAN_CTL           the omafan-ctl helper the block will call
+#                        (default: <plugin dir>/bin/omafan-ctl)
 #   OMAFAN_DEFAULT_BINDINGS_DIR  Omarchy default Lua tree
 #                        (default ${OMARCHY_PATH:-/usr/share/omarchy}/default/hypr/bindings)
 #
-# Exit codes: 0 ok; 1 install refused because of a conflicting binding, or the
-# compositor did not pick the block up after reload; 2 usage error.
+# The helper is resolved at install time (T06b D1): Hyprland runs a `bind
+# ... exec` command through a plain non-login shell and the plugin's bin/ is
+# not on PATH, so emitting a bare `omafan-ctl` would fail with "command not
+# found" at every key press while looking correctly installed. install
+# refuses (T06b D2) when the resolved helper is not an executable file or its
+# path carries whitespace, a quote or a backslash - the path is embedded in a
+# Lua string Hyprland hands to a shell, and a quoting bug there fails
+# silently at key-press time. Refusing loudly is the right trade.
+#
+# Exit codes: 0 ok; 1 install refused because of a conflicting binding, an
+# unusable helper, or the compositor not picking the block up after reload;
+# 2 usage error.
 
 set -euo pipefail
 
 readonly PLUGIN_ID="io.github.yadav-prakhar.omafan"

[0m
I read this as implementation: T06b fix round on the two owned files (D1–D4), with gates `bash -n` + `tests/keybindings.test.sh`.

The defect list is clear. Plan: resolve `omafan-ctl` at install time from the plugin dir (overridable via `OMAFAN_CTL`), guard the resolved path (executable, quote/space-free), surface the helper in `print`/`status` plus a `stale-path` verdict, and extend the suite.
Now replace the static `BLOCK` with a resolved-path builder and add the helper resolution/guard:
[0m← [0mEdit bin/omafan-keybindings
Index: /home/prakhar/Work/tries/2026-09-15-omafan/bin/omafan-keybindings
===================================================================
--- /home/prakhar/Work/tries/2026-09-15-omafan/bin/omafan-keybindings
+++ /home/prakhar/Work/tries/2026-09-15-omafan/bin/omafan-keybindings
@@ -41,22 +41,35 @@
 readonly PLUGIN_ID="io.github.yadav-prakhar.omafan"
 readonly BEGIN_MARK="-- BEGIN omafan"
 readonly END_MARK="-- END omafan"
 
-# DESIGN.md section 7 is frozen; the block below is its verbatim table.
-readonly BLOCK="$BEGIN_MARK
--- omafan fan keybindings (plugin $PLUGIN_ID)
+# DESIGN.md section 7 is frozen; the table below is its verbatim command
+# column, with the helper resolved to an absolute path (T06b D1) and the
+# panel toggle chord deliberately left on `omarchy-shell`, which IS on PATH.
+# BLOCK is built once the helper has been resolved (see main).
+readonly BEGIN_MARK="-- BEGIN omafan"
+readonly END_MARK="-- END omafan"
+
+# Absolute plugin root and the helper it ships; OMAFAN_CTL overrides for
+# tests and non-standard installs, mirroring OMAFAN_HYPRCTL.
+plugin_dir="$(cd "$(dirname "${BASH_SOURCE[0]}")/.." && pwd)"
+ctl="${OMAFAN_CTL:-$plugin_dir/bin/omafan-ctl}"
+
+build_block() {
+    BLOCK="$BEGIN_MARK
+-- omafan fan keybindings (plugin $PLUGIN_ID, helper: $ctl)
 -- Remove with: ~/.config/omarchy/plugins/$PLUGIN_ID/bin/omafan-keybindings remove
 -- Managed by bin/omafan-keybindings; edits inside this block are overwritten.
 o.bind(\"SUPER + ALT + T\", \"omafan: toggle fan panel\", \"omarchy-shell omafan toggle\")
-o.bind(\"SUPER + ALT + A\", \"omafan: fans auto (firmware)\", \"omafan-ctl preset auto --notify\")
-o.bind(\"SUPER + ALT + O\", \"omafan: fans off (floor)\", \"omafan-ctl preset off --notify\")
-o.bind(\"SUPER + ALT + L\", \"omafan: fans low\", \"omafan-ctl preset low --notify\")
-o.bind(\"SUPER + ALT + M\", \"omafan: fans medium\", \"omafan-ctl preset med --notify\")
-o.bind(\"SUPER + ALT + H\", \"omafan: fans high\", \"omafan-ctl preset high --notify\")
-o.bind(\"SUPER + ALT + X\", \"omafan: fans full\", \"omafan-ctl preset full --notify\")
-o.bind(\"SUPER + ALT + C\", \"omafan: cycle fan presets\", \"omafan-ctl cycle --notify\")
+o.bind(\"SUPER + ALT + A\", \"omafan: fans auto (firmware)\", \"$ctl preset auto --notify\")
+o.bind(\"SUPER + ALT + O\", \"omafan: fans off (floor)\", \"$ctl preset off --notify\")
+o.bind(\"SUPER + ALT + L\", \"omafan: fans low\", \"$ctl preset low --notify\")
+o.bind(\"SUPER + ALT + M\", \"omafan: fans medium\", \"$ctl preset med --notify\")
+o.bind(\"SUPER + ALT + H\", \"omafan: fans high\", \"$ctl preset high --notify\")
+o.bind(\"SUPER + ALT + X\", \"omafan: fans full\", \"$ctl preset full --notify\")
+o.bind(\"SUPER + ALT + C\", \"omafan: cycle fan presets\", \"$ctl cycle --notify\")
 $END_MARK"
+}
 
 # The eight letter keys the block binds, in chord-table order; the per-chord
 # verdicts of `status` must line up with the block above. Exported for the awk
 # scan, which reads them through ENVIRON.

[0m
[0m← [0mEdit bin/omafan-keybindings
Index: /home/prakhar/Work/tries/2026-09-15-omafan/bin/omafan-keybindings
===================================================================
--- /home/prakhar/Work/tries/2026-09-15-omafan/bin/omafan-keybindings
+++ /home/prakhar/Work/tries/2026-09-15-omafan/bin/omafan-keybindings
@@ -87,8 +87,26 @@
     printf 'omafan-keybindings: %s\n' "$2" >&2
     exit "$1"
 }
 
+# check_helper - install only (T06b D2). The helper path is embedded in a Lua
+# string Hyprland hands to a shell; an unusable helper is a silent failure at
+# key-press time, so install refuses loudly and writes nothing.
+check_helper() {
+    if ! [ -f "$ctl" ] || ! [ -x "$ctl" ]; then
+        die 1 "helper $ctl is not an executable file, but the emitted chords \
+would run it on every key press - set OMAFAN_CTL to the real bin/omafan-ctl \
+(or install the plugin) and run install again. Nothing was written."
+    fi
+    case "$ctl" in
+        *[[:space:]\"\'\\]*)
+            die 1 "helper path contains whitespace, a quote or a backslash \
+($ctl) - the path goes inside a Lua string that Hyprland hands to a shell and \
+cannot be quoted safely there - move the plugin to a space-free path (or set \
+OMAFAN_CTL) and run install again. Nothing was written." ;;
+    esac
+}
+
 usage() {
     sed -n '2,35p' "$0" | sed 's/^# \{1\}//' | grep -v '^#' | grep -v '^$' >&2
     exit 2
 }

[0m
Now the guard, the on-disk helper reader, and the wiring:
[0m← [0mEdit bin/omafan-keybindings
Index: /home/prakhar/Work/tries/2026-09-15-omafan/bin/omafan-keybindings
===================================================================
--- /home/prakhar/Work/tries/2026-09-15-omafan/bin/omafan-keybindings
+++ /home/prakhar/Work/tries/2026-09-15-omafan/bin/omafan-keybindings
@@ -215,8 +215,20 @@
         $0 == end { exit }
     ' "$1"
 }
 
+# on_disk_helper <file> -> the executable the installed block's preset/cycle
+# chords call first; empty when the block binds none of them. T06b D3: this
+# is how `status` detects that the plugin (or OMAFAN_CTL) has moved since the
+# block was written.
+on_disk_helper() {
+    on_disk_block "$1" |
+        grep '^o\.bind(' |
+        sed -n 's/^o\.bind("[^"]*", "[^"]*", "\(.*\)")$/\1/p' |
+        sed -n 's/^\([^[:space:]"]*\) \(preset\|cycle\) .*/\1/p' |
+        head -n 1
+}
+
 # write_file <path> <content-on-stdin> - atomic replace, 0644.
 write_file() {
     local target="$1" tmp
     tmp="$(mktemp "$target.omafan.XXXXXX")"

[0m
[0m← [0mEdit bin/omafan-keybindings
Index: /home/prakhar/Work/tries/2026-09-15-omafan/bin/omafan-keybindings
===================================================================
--- /home/prakhar/Work/tries/2026-09-15-omafan/bin/omafan-keybindings
+++ /home/prakhar/Work/tries/2026-09-15-omafan/bin/omafan-keybindings
@@ -272,8 +272,10 @@
 }
 
 cmd_install() {
     local target="$OMAFAN_HYPR_CONFIG"
+    # Guard the helper before anything else: refusal must write nothing.
+    check_helper
     mkdir -p "$(dirname "$target")" \
         || die 1 "cannot create $(dirname "$target") - check the path and permissions"
 
     local conflicts

[0m
Now wire the guard into `install` and the stale-path report into `status`:
[0m← [0mEdit bin/omafan-keybindings
Index: /home/prakhar/Work/tries/2026-09-15-omafan/bin/omafan-keybindings
===================================================================
--- /home/prakhar/Work/tries/2026-09-15-omafan/bin/omafan-keybindings
+++ /home/prakhar/Work/tries/2026-09-15-omafan/bin/omafan-keybindings
@@ -405,9 +405,22 @@
     fi
 
     printf 'target: %s\n' "$target"
     printf 'block: %s\n' "$state"
+    printf 'helper: %s\n' "$ctl"  # D3: print/status surface the resolved helper
 
+    # D3: an installed block that calls a helper path which no longer
+    # resolves means the plugin moved (or OMAFAN_CTL changed); the chords on
+    # disk would fire the old file. Name it and the fix.
+    if [ "$state" = "installed" ]; then
+        local disk_helper
+        disk_helper="$(on_disk_helper "$target")"
+        if [ -n "$disk_helper" ] && [ "$disk_helper" != "$ctl" ]; then
+            printf 'stale-path: the installed block calls %s, but %s resolves \
+now - re-run install to refresh the block\n' "$disk_helper" "$ctl"
+        fi
+    fi
+
     local conflicts
     conflicts="$(all_conflicts)"
     if [ -n "$conflicts" ]; then
         printf 'status: conflict\n'

[0m
Now `main` must build `BLOCK` after resolution, and `unsandbox`/`sandbox` in the test need `OMAFAN_CTL`:
[0m← [0mEdit bin/omafan-keybindings
Index: /home/prakhar/Work/tries/2026-09-15-omafan/bin/omafan-keybindings
===================================================================
--- /home/prakhar/Work/tries/2026-09-15-omafan/bin/omafan-keybindings
+++ /home/prakhar/Work/tries/2026-09-15-omafan/bin/omafan-keybindings
@@ -446,8 +446,17 @@
     OMAFAN_STATE_DIR="${OMAFAN_STATE_DIR:-$HOME/.local/state/omafan-keybindings}"
     OMAFAN_DEFAULT_BINDINGS_DIR="${OMAFAN_DEFAULT_BINDINGS_DIR:-\
 ${OMARCHY_PATH:-/usr/share/omarchy}/default/hypr/bindings}"
 
+    # Resolve OMAFAN_CTL once; every subcommand needs the resolved value
+    # because `print`/`install` emit it into the block.
+    if [ -n "${OMAFAN_CTL:-}" ]; then
+        ctl="$OMAFAN_CTL"
+    else
+        ctl="$plugin_dir/bin/omafan-ctl"
+    fi
+    build_block
+
     [ $# -ge 1 ] || die 2 "usage: omafan-keybindings install|remove|status|print (-h for help)"
     case "$1" in
         -h|--help) usage ;;
         install) shift; cmd_install "$@" ;;

[0m
[0m$ [0mgrep -n "^# Exit codes\|^set -euo" bin/omafan-keybindings | head; bash -n bin/omafan-keybindings && echo SYNTAX_OK
35:# Exit codes: 0 ok; 1 install refused because of a conflicting binding, an
39:set -euo pipefail
SYNTAX_OK
[0m
[0m← [0mEdit bin/omafan-keybindings
Index: /home/prakhar/Work/tries/2026-09-15-omafan/bin/omafan-keybindings
===================================================================
--- /home/prakhar/Work/tries/2026-09-15-omafan/bin/omafan-keybindings
+++ /home/prakhar/Work/tries/2026-09-15-omafan/bin/omafan-keybindings
@@ -106,9 +106,9 @@
     esac
 }
 
 usage() {
-    sed -n '2,35p' "$0" | sed 's/^# \{1\}//' | grep -v '^#' | grep -v '^$' >&2
+    sed -n '2,37p' "$0" | sed 's/^# \{1\}//' | grep -v '^#' | grep -v '^$' >&2
     exit 2
 }
 
 # ---------------------------------------------------------------------------

[0m
[0m→ [0mRead bin/omafan-keybindings[90m [limit=14, offset=33][0m
[0m
[0m← [0mEdit bin/omafan-keybindings
Index: /home/prakhar/Work/tries/2026-09-15-omafan/bin/omafan-keybindings
===================================================================
--- /home/prakhar/Work/tries/2026-09-15-omafan/bin/omafan-keybindings
+++ /home/prakhar/Work/tries/2026-09-15-omafan/bin/omafan-keybindings
@@ -106,9 +106,9 @@
     esac
 }
 
 usage() {
-    sed -n '2,37p' "$0" | sed 's/^# \{1\}//' | grep -v '^#' | grep -v '^$' >&2
+    sed -n '2,38p' "$0" | sed 's/^# \{1\}//' | grep -v '^#' | grep -v '^$' >&2
     exit 2
 }
 
 # ---------------------------------------------------------------------------

[0m
[0m← [0mEdit tests/keybindings.test.sh
Index: /home/prakhar/Work/tries/2026-09-15-omafan/tests/keybindings.test.sh
===================================================================
--- /home/prakhar/Work/tries/2026-09-15-omafan/tests/keybindings.test.sh
+++ /home/prakhar/Work/tries/2026-09-15-omafan/tests/keybindings.test.sh
@@ -60,8 +60,12 @@
     OMAFAN_HYPRCTL="$dir/bin/hyprctl"
     OMAFAN_STATE_DIR="$dir/state"
     OMAFAN_DEFAULT_BINDINGS_DIR="$dir/defaults"
     OMAFAN_STUB_MEM="$dir/mem.json"
+    # T06b: the helper override defaults to unset, so the plugin's own
+    # bin/omafan-ctl resolves; cases that exercise the guard export their own.
+    unset OMAFAN_CTL
+    SANDBOXDIR="$dir"
     HOMEDIR="$dir/home"
     HKDIR="$HOMEDIR/.config/hypr"
     STATEDIR="$dir/state"
     DEFAULTS="$dir/defaults"
@@ -72,10 +76,10 @@
 }
 
 unsandbox() {
     unset HOME OMAFAN_HYPR_CONFIG OMAFAN_HYPRCTL OMAFAN_STATE_DIR \
-        OMAFAN_DEFAULT_BINDINGS_DIR OMAFAN_STUB_MEM HOMEDIR HKDIR \
-        STATEDIR DEFAULTS || true
+        OMAFAN_DEFAULT_BINDINGS_DIR OMAFAN_STUB_MEM OMAFAN_CTL \
+        SANDBOXDIR HOMEDIR HKDIR STATEDIR DEFAULTS || true
 }
 
 # the eight chords in DESIGN.md section 7 order (pipe-joined)
 CHORDS_EXPECTED="SUPER + ALT + T|SUPER + ALT + A|SUPER + ALT + O|SUPER + ALT + L|SUPER + ALT + M|SUPER + ALT + H|SUPER + ALT + X|SUPER + ALT + C|"

[0m
Now the test suite: add `OMAFAN_CTL` to the sandbox and the D4 section:
[0m← [0mEdit tests/keybindings.test.sh
Index: /home/prakhar/Work/tries/2026-09-15-omafan/tests/keybindings.test.sh
===================================================================
--- /home/prakhar/Work/tries/2026-09-15-omafan/tests/keybindings.test.sh
+++ /home/prakhar/Work/tries/2026-09-15-omafan/tests/keybindings.test.sh
@@ -301,5 +301,24 @@
 assert_exit_code 2 "$KB"
 assert_exit_code 2 "$KB" --help
 unsandbox
 
+# ---------------------------------------------------------------------------
+# 11. helper-path defects (T06b D1-D4)
+# ---------------------------------------------------------------------------
+
+# helper_emit() -> the command field of every o.bind line in <file>
+block_cmds() {
+    grep '^o\.bind(' "$1" | sed -n 's/^o\.bind("[^"]*", "[^"]*", "\(.*\)")$/\1/p'
+}
+
+# 11a (D1): the block carries an absolute helper path that exists as an
+# executable inside the tempdir; no bare `omafan-ctl` token remains.
+sandbox '[]'
+SBOX="$SANDBOXDIR"
+mkdir -p "$SBOX/ctlbin"
+printf '#!/usr/bin/env bash\nexit 0\n' > "$SBOX/ctl/omafan-ctl" 2>/dev/null |
+    true # (placeholder replaced below; keep the real setup explicit)
+mkdir -p "$SBOX/ctl"
+printf '#!/usr/bin/env bash\nexit 0\n' > "$SBOX/ctl/omafan-ctl"
+
 summarize

[0m
[0m← [0mEdit tests/keybindings.test.sh
Index: /home/prakhar/Work/tries/2026-09-15-omafan/tests/keybindings.test.sh
===================================================================
--- /home/prakhar/Work/tries/2026-09-15-omafan/tests/keybindings.test.sh
+++ /home/prakhar/Work/tries/2026-09-15-omafan/tests/keybindings.test.sh
@@ -314,11 +314,25 @@
 # 11a (D1): the block carries an absolute helper path that exists as an
 # executable inside the tempdir; no bare `omafan-ctl` token remains.
 sandbox '[]'
 SBOX="$SANDBOXDIR"
-mkdir -p "$SBOX/ctlbin"
-printf '#!/usr/bin/env bash\nexit 0\n' > "$SBOX/ctl/omafan-ctl" 2>/dev/null |
-    true # (placeholder replaced below; keep the real setup explicit)
 mkdir -p "$SBOX/ctl"
 printf '#!/usr/bin/env bash\nexit 0\n' > "$SBOX/ctl/omafan-ctl"
+chmod +x "$SBOX/ctl/omafan-ctl"
+OMAFAN_CTL="$SBOX/ctl/omafan-ctl"
+export OMAFAN_CTL
 
+assert_exit_code 0 "$KB" install
+assert_eq "0" "$(grep -cE '^o\.bind\("[^"]*", "[^"]*", "omafan-ctl ' "$OMAFAN_HYPR_CONFIG")" \
+    "no bare omafan-ctl token remains in the block"
+assert_eq "0" "$(grep -c '"' "$SBOX/ctl/omafan-ctl-target-eternal" 2>/dev/null || true)" \
+    "(readability no-op)"
+assert_eq "0" "$(grep -cE ' o\.bind\([^"]*, "[^"]*", "omafan-ctl' "$OMAFAN_HYPR_CONFIG")" \
+    "every helper call is an absolute path, not a PATH lookup"
+for cmd in $(block_cmds "$OMAFAN_HYPR_CONFIG" | grep -E ' (preset|cycle) '); do
+    assert_eq "0" "$(test -x "${cmd%% *}"; printf %s $?)" \
+        "helper path in the block is an executable: ${cmd%% *}"
+done
+unset OMAFAN_CTL
+unsandbox
+
 summarize

[0m
I left a redundant placeholder in that edit — cleaning it up and completing section 11:
[0m← [0mEdit tests/keybindings.test.sh
Index: /home/prakhar/Work/tries/2026-09-15-omafan/tests/keybindings.test.sh
===================================================================
--- /home/prakhar/Work/tries/2026-09-15-omafan/tests/keybindings.test.sh
+++ /home/prakhar/Work/tries/2026-09-15-omafan/tests/keybindings.test.sh
@@ -323,10 +323,8 @@
 
 assert_exit_code 0 "$KB" install
 assert_eq "0" "$(grep -cE '^o\.bind\("[^"]*", "[^"]*", "omafan-ctl ' "$OMAFAN_HYPR_CONFIG")" \
     "no bare omafan-ctl token remains in the block"
-assert_eq "0" "$(grep -c '"' "$SBOX/ctl/omafan-ctl-target-eternal" 2>/dev/null || true)" \
-    "(readability no-op)"
 assert_eq "0" "$(grep -cE ' o\.bind\([^"]*, "[^"]*", "omafan-ctl' "$OMAFAN_HYPR_CONFIG")" \
     "every helper call is an absolute path, not a PATH lookup"
 for cmd in $(block_cmds "$OMAFAN_HYPR_CONFIG" | grep -E ' (preset|cycle) '); do
     assert_eq "0" "$(test -x "${cmd%% *}"; printf %s $?)" \

[0m
Now append the remaining D4 cases (guards D2, stale-path D3, re-install refresh) before `summarize`:
[0m← [0mEdit tests/keybindings.test.sh
Index: /home/prakhar/Work/tries/2026-09-15-omafan/tests/keybindings.test.sh
===================================================================
--- /home/prakhar/Work/tries/2026-09-15-omafan/tests/keybindings.test.sh
+++ /home/prakhar/Work/tries/2026-09-15-omafan/tests/keybindings.test.sh
@@ -332,5 +332,79 @@
 done
 unset OMAFAN_CTL
 unsandbox
 
+# 11b (D2): install refuses when OMAFAN_CTL points at a missing file;
+# target file untouched.
+sandbox '[]'
+printf 'untouched = true\n' > "$OMAFAN_HYPR_CONFIG"
+cp "$OMAFAN_HYPR_CONFIG" "$HOMEDIR/expected"
+out="$("$KB" install 2>&1)"
+assert_ne "0" "$?" "missing OMAFAN_CTL helper makes install fail"
+cmp -s "$HOMEDIR/expected" "$OMAFAN_HYPR_CONFIG"
+assert_eq "0" "$?" "refused install (missing helper) leaves the file untouched"
+assert_contains "$out" 'not an executable file' \
+    "refusal names the helper problem and the fix"
+unsandbox
+exp="${out#omafan-keybindings: }"
+
+# 11c (D2): install refuses when OMAFAN_CTL contains a space.
+sandbox '[]'
+printf 'untouched = true\n' > "$OMAFAN_HYPR_CONFIG"
+cp "$OMAFAN_HYPR_CONFIG" "$HOMEDIR/expected"
+out="$("$KB" install 2>&1)"
+assert_ne "0" "$?" "helper path with a space makes install fail"
+cmp -s "$HOMEDIR/expected" "$OMAFAN_HYPR_CONFIG"
+assert_eq "0" "$?" "refused install (space in path) leaves the file untouched"
+assert_contains "$out" 'whitespace' \
+    "refusal names the unsafe whitespace in the helper path"
+unset OMAFAN_CTL
+unsandbox
+
+# 11d (D2): install refuses on a quote character too (defence in depth).
+sandbox '[]'
+printf '#!/usr/bin/env bash\nexit 0\n' > "$SANDBOXDIR/ctl'quote"
+chmod +x "$SANDBOXDIR/ctl'quote"
+out="$("$KB" install 2>&1)"
+assert_ne "0" "$?" "helper path with a quote makes install fail"
+assert_contains "$out" 'whitespace, a quote or a backslash' \
+    "refusal names the unquotable character"
+unset OMAFAN_CTL
+unsandbox
+
+# 11e (D3): status reports stale-path when the block on disk calls a helper
+# path different from the one that resolves now; re-install refreshes it.
+sandbox '[]'
+SBOX="$SANDBOXDIR"
+mkdir -p "$SBOX/ctla" "$SBOX/ctlb"
+printf '#!/usr/bin/env bash\nexit 0\n' > "$SBOX/ctla/omafan-ctl"
+printf '#!/usr/bin/env bash\nexit 0\n' > "$SBOX/ctlb/omafan-ctl"
+chmod +x "$SBOX/ctla/omafan-ctl" "$SBOX/ctlb/omafan-ctl"
+
+OMAFAN_CTL="$SBOX/ctla/omafan-ctl"
+export OMAFAN_CTL
+assert_exit_code 0 "$KB" install
+assert_contains "$(cat "$OMAFAN_HYPR_CONFIG")" "$SBOX/ctla/omafan-ctl" \
+    "the block names helper ctla as installed"
+
+OMAFAN_CTL="$SBOX/ctlb/omafan-ctl"
+out="$("$KB" status)"
+assert_exit_code 0 "$KB" status
+assert_contains "$out" 'stale-path' "status reports stale-path after the ctl path moved"
+assert_contains "$out" 're-run install' "the stale-path line names the fix"
+assert_contains "$(cat "$OMAFAN_HYPR_CONFIG")" "$SBOX/ctla/omafan-ctl" \
+    "status wrote nothing; the block still calls the old helper"
+
+assert_exit_code 0 "$KB" install
+assert_contains "$(cat "$OMAFAN_HYPR_CONFIG")" "$SBOX/ctlb/omafan-ctl" \
+    "re-running install refreshes the block to the current helper"
+cmp -s "$SBOX/ctla/omafan-ctl" "$(block_cmds "$OMAFAN_HYPR_CONFIG" | grep -o '^[^ ]*' | head -n 1)"
+assert_eq "0" "$?" "refreshed block calls helper ctlb (unique to the new path)"
+if grep -q 'ctla/omafan-ctl' "$OMAFAN_HYPR_CONFIG" 2>/dev/null; then
+    assert_eq "0" "1" "old helper ctla must be gone after the refresh"
+else
+    assert_eq "0" "0" "old helper ctla is gone after the refresh"
+fi
+unset OMAFAN_CTL
+unsandbox
+
 summarize

[0m
These are section-marker comments in the test suite matching the existing convention (sections 0–10 already use `# N. ...` headers) and citing the ticket's defect ids (D2/D3) for orchestrator traceability — necessary, kept. One junk line slipped into 11b; removing:
[0m← [0mEdit tests/keybindings.test.sh
Index: /home/prakhar/Work/tries/2026-09-15-omafan/tests/keybindings.test.sh
===================================================================
--- /home/prakhar/Work/tries/2026-09-15-omafan/tests/keybindings.test.sh
+++ /home/prakhar/Work/tries/2026-09-15-omafan/tests/keybindings.test.sh
@@ -344,9 +344,8 @@
 assert_eq "0" "$?" "refused install (missing helper) leaves the file untouched"
 assert_contains "$out" 'not an executable file' \
     "refusal names the helper problem and the fix"
 unsandbox
-exp="${out#omafan-keybindings: }"
 
 # 11c (D2): install refuses when OMAFAN_CTL contains a space.
 sandbox '[]'
 printf 'untouched = true\n' > "$OMAFAN_HYPR_CONFIG"

[0m
12c is missing its `OMAFAN_CTL` (with a space) setup — reading the section to fix:
[0m→ [0mRead tests/keybindings.test.sh[90m [limit=90, offset=330][0m
[0m
[0m← [0mEdit tests/keybindings.test.sh
Index: /home/prakhar/Work/tries/2026-09-15-omafan/tests/keybindings.test.sh
===================================================================
--- /home/prakhar/Work/tries/2026-09-15-omafan/tests/keybindings.test.sh
+++ /home/prakhar/Work/tries/2026-09-15-omafan/tests/keybindings.test.sh
@@ -337,8 +337,10 @@
 # target file untouched.
 sandbox '[]'
 printf 'untouched = true\n' > "$OMAFAN_HYPR_CONFIG"
 cp "$OMAFAN_HYPR_CONFIG" "$HOMEDIR/expected"
+OMAFAN_CTL="$SANDBOXDIR/ctl/missing-omafan-ctl"
+export OMAFAN_CTL
 out="$("$KB" install 2>&1)"
 assert_ne "0" "$?" "missing OMAFAN_CTL helper makes install fail"
 cmp -s "$HOMEDIR/expected" "$OMAFAN_HYPR_CONFIG"
 assert_eq "0" "$?" "refused install (missing helper) leaves the file untouched"
@@ -347,10 +349,15 @@
 unsandbox
 
 # 11c (D2): install refuses when OMAFAN_CTL contains a space.
 sandbox '[]'
+mkdir -p "$SANDBOXDIR/ctlspace dir"
+printf '#!/usr/bin/env bash\nexit 0\n' > "$SANDBOXDIR/ctlspace dir/omafan-ctl"
+chmod +x "$SANDBOXDIR/ctlspace dir/omafan-ctl"
 printf 'untouched = true\n' > "$OMAFAN_HYPR_CONFIG"
 cp "$OMAFAN_HYPR_CONFIG" "$HOMEDIR/expected"
+OMAFAN_CTL="$SANDBOXDIR/ctlspace dir/omafan-ctl"
+export OMAFAN_CTL
 out="$("$KB" install 2>&1)"
 assert_ne "0" "$?" "helper path with a space makes install fail"
 cmp -s "$HOMEDIR/expected" "$OMAFAN_HYPR_CONFIG"
 assert_eq "0" "$?" "refused install (space in path) leaves the file untouched"

[0m
[0m← [0mEdit tests/keybindings.test.sh
Index: /home/prakhar/Work/tries/2026-09-15-omafan/tests/keybindings.test.sh
===================================================================
--- /home/prakhar/Work/tries/2026-09-15-omafan/tests/keybindings.test.sh
+++ /home/prakhar/Work/tries/2026-09-15-omafan/tests/keybindings.test.sh
@@ -402,10 +402,11 @@
 
 assert_exit_code 0 "$KB" install
 assert_contains "$(cat "$OMAFAN_HYPR_CONFIG")" "$SBOX/ctlb/omafan-ctl" \
     "re-running install refreshes the block to the current helper"
-cmp -s "$SBOX/ctla/omafan-ctl" "$(block_cmds "$OMAFAN_HYPR_CONFIG" | grep -o '^[^ ]*' | head -n 1)"
-assert_eq "0" "$?" "refreshed block calls helper ctlb (unique to the new path)"
+first_helper="$(block_cmds "$OMAFAN_HYPR_CONFIG" | grep -o '^[^ ]*' | head -n 1)"
+assert_eq "$SBOX/ctlb/omafan-ctl" "$first_helper" \
+    "the refreshed block calls the new helper as its first token"
 if grep -q 'ctla/omafan-ctl' "$OMAFAN_HYPR_CONFIG" 2>/dev/null; then
     assert_eq "0" "1" "old helper ctla must be gone after the refresh"
 else
     assert_eq "0" "0" "old helper ctla is gone after the refresh"

[0m
Now run the gates:
[0m$ [0mbash -n bin/omafan-keybindings && bash -n tests/keybindings.test.sh && echo SYNTAX_OK
SYNTAX_OK
[0m
[0m$ [0mbash tests/keybindings.test.sh; echo "EXIT=$?"
FAIL: assert_exit_code: [/home/prakhar/Work/tries/2026-09-15-omafan/bin/omafan-keybindings install] exited 1, expected 0
grep: /tmp/omafan-test.8pzafe/case.RvWnm5/home/.config/hypr/bindings.lua: No such file or directory
FAIL: install writes exactly one block (fresh HOME): expected [1], got []
grep: /tmp/omafan-test.8pzafe/case.RvWnm5/home/.config/hypr/bindings.lua: No such file or directory
FAIL: fresh install carries all eight section 7 chords in table order: expected [SUPER + ALT + T|SUPER + ALT + A|SUPER + ALT + O|SUPER + ALT + L|SUPER + ALT + M|SUPER + ALT + H|SUPER + ALT + X|SUPER + ALT + C|], got []
FAIL: assert_exit_code: [/home/prakhar/Work/tries/2026-09-15-omafan/bin/omafan-keybindings install] exited 1, expected 0
FAIL: install writes exactly one block (existing file): expected [1], got [0]
FAIL: the toggle chord is in the block: [-- mine
o.bind("SUPER + Q", "my own", "true")] does not contain [o.bind("SUPER + ALT + T", "omafan: toggle fan panel", "omarchy-shell omafan toggle")]
FAIL: first install takes exactly one backup: expected [1], got [0]
ls: cannot access '/tmp/omafan-test.8pzafe/case.X0Zuxr/state/*': No such file or directory
head: cannot open '' for reading: No such file or directory
FAIL: backup holds the pre-install content: expected [-- mine], got []
FAIL: assert_exit_code: [/home/prakhar/Work/tries/2026-09-15-omafan/bin/omafan-keybindings install] exited 1, expected 0
FAIL: assert_exit_code: [/home/prakhar/Work/tries/2026-09-15-omafan/bin/omafan-keybindings install] exited 1, expected 0
FAIL: re-install does not add a second block: expected [1], got [0]
FAIL: conflict output names the chord and its rival description: [/home/prakhar/Work/tries/2026-09-15-omafan/bin/omafan-keybindings: line 49: BEGIN_MARK: readonly variable] does not contain [SUPER + ALT + T is already live-bound to "Some other tool"]
FAIL: conflict output names the default-tree chord: [/home/prakhar/Work/tries/2026-09-15-omafan/bin/omafan-keybindings: line 49: BEGIN_MARK: readonly variable] does not contain [SUPER + ALT + M is bound in the Omarchy defaults]
FAIL: conflict output names the code: chord: [/home/prakhar/Work/tries/2026-09-15-omafan/bin/omafan-keybindings: line 49: BEGIN_MARK: readonly variable] does not contain [SUPER + ALT + code:28 is bound in]
FAIL: a code: chord on a digit key must not block the install: expected [0], got [1]
cat: /tmp/omafan-test.8pzafe/case.4ZC5jw/home/.config/hypr/bindings.lua: No such file or directory
FAIL: digit code: chord case still installs the block: [] does not contain [-- BEGIN omafan]
FAIL: assert_exit_code: [/home/prakhar/Work/tries/2026-09-15-omafan/bin/omafan-keybindings install] exited 1, expected 0
FAIL: assert_exit_code: [/home/prakhar/Work/tries/2026-09-15-omafan/bin/omafan-keybindings remove] exited 1, expected 0
FAIL: assert_exit_code: [/home/prakhar/Work/tries/2026-09-15-omafan/bin/omafan-keybindings remove] exited 1, expected 0
FAIL: assert_exit_code: [/home/prakhar/Work/tries/2026-09-15-omafan/bin/omafan-keybindings remove] exited 1, expected 0
FAIL: backupless remove cuts the block: expected [0], got [2]
/home/prakhar/Work/tries/2026-09-15-omafan/bin/omafan-keybindings: line 49: BEGIN_MARK: readonly variable
FAIL: assert_exit_code: [/home/prakhar/Work/tries/2026-09-15-omafan/bin/omafan-keybindings status] exited 1, expected 0
FAIL: status reports not-installed with no block present: [] does not contain [block: not-installed]
FAIL: assert_exit_code: [/home/prakhar/Work/tries/2026-09-15-omafan/bin/omafan-keybindings install] exited 1, expected 0
/home/prakhar/Work/tries/2026-09-15-omafan/bin/omafan-keybindings: line 49: BEGIN_MARK: readonly variable
FAIL: assert_exit_code: [/home/prakhar/Work/tries/2026-09-15-omafan/bin/omafan-keybindings status] exited 1, expected 0
FAIL: status reports installed once the block is on disk: [] does not contain [block: installed]
FAIL: status lists per-chord verdicts: [] does not contain [SUPER + ALT + T]
FAIL: status states the conflict word: [/home/prakhar/Work/tries/2026-09-15-omafan/bin/omafan-keybindings: line 49: BEGIN_MARK: readonly variable] does not contain [conflict]
FAIL: status names the conflicting chord: [/home/prakhar/Work/tries/2026-09-15-omafan/bin/omafan-keybindings: line 49: BEGIN_MARK: readonly variable] does not contain [SUPER + ALT + X is already live-bound to "Rival"]
/home/prakhar/Work/tries/2026-09-15-omafan/bin/omafan-keybindings: line 49: BEGIN_MARK: readonly variable
FAIL: print emits the section 7 chord table (chords): expected [SUPER + ALT + T|SUPER + ALT + A|SUPER + ALT + O|SUPER + ALT + L|SUPER + ALT + M|SUPER + ALT + H|SUPER + ALT + X|SUPER + ALT + C|], got []
FAIL: print emits the section 7 chord table (descriptions): expected [omafan: toggle fan panel|omafan: fans auto (firmware)|omafan: fans off (floor)|omafan: fans low|omafan: fans medium|omafan: fans high|omafan: fans full|omafan: cycle fan presets|], got []
FAIL: assert_exit_code: [/home/prakhar/Work/tries/2026-09-15-omafan/bin/omafan-keybindings bogus] exited 1, expected 2
FAIL: assert_exit_code: [/home/prakhar/Work/tries/2026-09-15-omafan/bin/omafan-keybindings] exited 1, expected 2
FAIL: assert_exit_code: [/home/prakhar/Work/tries/2026-09-15-omafan/bin/omafan-keybindings --help] exited 1, expected 2
FAIL: assert_exit_code: [/home/prakhar/Work/tries/2026-09-15-omafan/bin/omafan-keybindings install] exited 1, expected 0
grep: /tmp/omafan-test.8pzafe/case.F3Yf02/home/.config/hypr/bindings.lua: No such file or directory
FAIL: no bare omafan-ctl token remains in the block: expected [0], got []
grep: /tmp/omafan-test.8pzafe/case.F3Yf02/home/.config/hypr/bindings.lua: No such file or directory
FAIL: every helper call is an absolute path, not a PATH lookup: expected [0], got []
grep: /tmp/omafan-test.8pzafe/case.F3Yf02/home/.config/hypr/bindings.lua: No such file or directory
FAIL: refusal names the helper problem and the fix: [/home/prakhar/Work/tries/2026-09-15-omafan/bin/omafan-keybindings: line 49: BEGIN_MARK: readonly variable] does not contain [not an executable file]
FAIL: refusal names the unsafe whitespace in the helper path: [/home/prakhar/Work/tries/2026-09-15-omafan/bin/omafan-keybindings: line 49: BEGIN_MARK: readonly variable] does not contain [whitespace]
FAIL: refusal names the unquotable character: [/home/prakhar/Work/tries/2026-09-15-omafan/bin/omafan-keybindings: line 49: BEGIN_MARK: readonly variable] does not contain [whitespace, a quote or a backslash]
FAIL: assert_exit_code: [/home/prakhar/Work/tries/2026-09-15-omafan/bin/omafan-keybindings install] exited 1, expected 0
cat: /tmp/omafan-test.8pzafe/case.PyVZjf/home/.config/hypr/bindings.lua: No such file or directory
FAIL: the block names helper ctla as installed: [] does not contain [/tmp/omafan-test.8pzafe/case.PyVZjf/ctla/omafan-ctl]
/home/prakhar/Work/tries/2026-09-15-omafan/bin/omafan-keybindings: line 49: BEGIN_MARK: readonly variable
FAIL: assert_exit_code: [/home/prakhar/Work/tries/2026-09-15-omafan/bin/omafan-keybindings status] exited 1, expected 0
FAIL: status reports stale-path after the ctl path moved: [] does not contain [stale-path]
FAIL: the stale-path line names the fix: [] does not contain [re-run install]
cat: /tmp/omafan-test.8pzafe/case.PyVZjf/home/.config/hypr/bindings.lua: No such file or directory
FAIL: status wrote nothing; the block still calls the old helper: [] does not contain [/tmp/omafan-test.8pzafe/case.PyVZjf/ctla/omafan-ctl]
FAIL: assert_exit_code: [/home/prakhar/Work/tries/2026-09-15-omafan/bin/omafan-keybindings install] exited 1, expected 0
cat: /tmp/omafan-test.8pzafe/case.PyVZjf/home/.config/hypr/bindings.lua: No such file or directory
FAIL: re-running install refreshes the block to the current helper: [] does not contain [/tmp/omafan-test.8pzafe/case.PyVZjf/ctlb/omafan-ctl]
grep: /tmp/omafan-test.8pzafe/case.PyVZjf/home/.config/hypr/bindings.lua: No such file or directory
FAIL: the refreshed block calls the new helper as its first token: expected [/tmp/omafan-test.8pzafe/case.PyVZjf/ctlb/omafan-ctl], got []
PASS 22 / FAIL 49
EXIT=1
[0m
[0m→ [0mRead bin/omafan-keybindings[90m [limit=40, offset=39][0m
[0m
[0m← [0mEdit bin/omafan-keybindings
Index: /home/prakhar/Work/tries/2026-09-15-omafan/bin/omafan-keybindings
===================================================================
--- /home/prakhar/Work/tries/2026-09-15-omafan/bin/omafan-keybindings
+++ /home/prakhar/Work/tries/2026-09-15-omafan/bin/omafan-keybindings
@@ -45,10 +45,8 @@
 # DESIGN.md section 7 is frozen; the table below is its verbatim command
 # column, with the helper resolved to an absolute path (T06b D1) and the
 # panel toggle chord deliberately left on `omarchy-shell`, which IS on PATH.
 # BLOCK is built once the helper has been resolved (see main).
-readonly BEGIN_MARK="-- BEGIN omafan"
-readonly END_MARK="-- END omafan"
 
 # Absolute plugin root and the helper it ships; OMAFAN_CTL overrides for
 # tests and non-standard installs, mirroring OMAFAN_HYPRCTL.
 plugin_dir="$(cd "$(dirname "${BASH_SOURCE[0]}")/.." && pwd)"

[0m
Duplicate `readonly` from the edit splice — removing:
[0m$ [0mbash tests/keybindings.test.sh; echo "EXIT=$?"
FAIL: helper path in the block is an executable: preset: expected [0], got [1]
FAIL: helper path in the block is an executable: auto: expected [0], got [1]
FAIL: helper path in the block is an executable: --notify: expected [0], got [1]
FAIL: helper path in the block is an executable: preset: expected [0], got [1]
FAIL: helper path in the block is an executable: off: expected [0], got [1]
FAIL: helper path in the block is an executable: --notify: expected [0], got [1]
FAIL: helper path in the block is an executable: preset: expected [0], got [1]
FAIL: helper path in the block is an executable: low: expected [0], got [1]
FAIL: helper path in the block is an executable: --notify: expected [0], got [1]
FAIL: helper path in the block is an executable: preset: expected [0], got [1]
FAIL: helper path in the block is an executable: med: expected [0], got [1]
FAIL: helper path in the block is an executable: --notify: expected [0], got [1]
FAIL: helper path in the block is an executable: preset: expected [0], got [1]
FAIL: helper path in the block is an executable: high: expected [0], got [1]
FAIL: helper path in the block is an executable: --notify: expected [0], got [1]
FAIL: helper path in the block is an executable: preset: expected [0], got [1]
FAIL: helper path in the block is an executable: full: expected [0], got [1]
FAIL: helper path in the block is an executable: --notify: expected [0], got [1]
FAIL: helper path in the block is an executable: cycle: expected [0], got [1]
FAIL: helper path in the block is an executable: --notify: expected [0], got [1]
FAIL: helper path with a quote makes install fail: did not expect [0]
FAIL: refusal names the unquotable character: [omafan keybindings installed in /tmp/omafan-test.wKpU4t/case.PUW7XL/home/.config/hypr/bindings.lua] does not contain [whitespace, a quote or a backslash]
FAIL: the refreshed block calls the new helper as its first token: expected [/tmp/omafan-test.wKpU4t/case.6GdT42/ctlb/omafan-ctl], got [omarchy-shell]
FAIL: old helper ctla must be gone after the refresh: expected [0], got [1]
PASS 74 / FAIL 24
EXIT=1
[0m
[0m← [0mEdit bin/omafan-keybindings
Index: /home/prakhar/Work/tries/2026-09-15-omafan/bin/omafan-keybindings
===================================================================
--- /home/prakhar/Work/tries/2026-09-15-omafan/bin/omafan-keybindings
+++ /home/prakhar/Work/tries/2026-09-15-omafan/bin/omafan-keybindings
@@ -296,8 +296,15 @@
     printf 'omafan keybindings already current in %s\n' "$target"
     return 0
 fi
 
+# A stale managed block (our helper path moved) must be replaced, not
+# stacked: cut it first so exactly one omafan block ever exists.
+local base="$existing"
+if [ "$((${#base} != 0))" = "1" ] && has_block "$target"; then
+    base="$(remove_with_awk "$target")"
+fi
+
 # Back up the pre-install file exactly once (first install only).
 if [ -n "$existing" ] && ! has_block "$target"; then
     mkdir -p "$OMAFAN_STATE_DIR" \
         || die 1 "cannot create backup dir $OMAFAN_STATE_DIR - pass OMAFAN_STATE_DIR"

[0m
Three real issues: word-splitting in the loop, a missing `OMAFAN_CTL` export in 11d, and — the important one — `install` doesn't replace a pre-existing managed block (with the helper now resolved, a re-install after a path change would stack two blocks). Fixing all three:
[0m← [0mEdit bin/omafan-keybindings
Index: /home/prakhar/Work/tries/2026-09-15-omafan/bin/omafan-keybindings
===================================================================
--- /home/prakhar/Work/tries/2026-09-15-omafan/bin/omafan-keybindings
+++ /home/prakhar/Work/tries/2026-09-15-omafan/bin/omafan-keybindings
@@ -299,9 +299,9 @@
 
 # A stale managed block (our helper path moved) must be replaced, not
 # stacked: cut it first so exactly one omafan block ever exists.
 local base="$existing"
-if [ "$((${#base} != 0))" = "1" ] && has_block "$target"; then
+if [ -n "$base" ] && has_block "$target"; then
     base="$(remove_with_awk "$target")"
 fi
 
 # Back up the pre-install file exactly once (first install only).

[0m
[0m← [0mEdit bin/omafan-keybindings
Index: /home/prakhar/Work/tries/2026-09-15-omafan/bin/omafan-keybindings
===================================================================
--- /home/prakhar/Work/tries/2026-09-15-omafan/bin/omafan-keybindings
+++ /home/prakhar/Work/tries/2026-09-15-omafan/bin/omafan-keybindings
@@ -315,10 +315,10 @@
     cp -p "$target" "$OMAFAN_STATE_DIR/bindings.lua.$stamp" \
         || die 1 "cannot back up $target - fix permissions on $OMAFAN_STATE_DIR first"
 fi
 
-# Fresh content: original file (if any) + separator + managed block.
-local out="$existing"
+# Fresh content: original file (if any, old block cut) + separator + block.
+local out="$base"
 if [ -n "$out" ]; then
     case "$out" in
         *$'\n') : ;;
         *) out="$out"$'\n' ;;

[0m
[0m← [0mEdit tests/keybindings.test.sh
Index: /home/prakhar/Work/tries/2026-09-15-omafan/tests/keybindings.test.sh
===================================================================
--- /home/prakhar/Work/tries/2026-09-15-omafan/tests/keybindings.test.sh
+++ /home/prakhar/Work/tries/2026-09-15-omafan/tests/keybindings.test.sh
@@ -325,9 +325,10 @@
 assert_eq "0" "$(grep -cE '^o\.bind\("[^"]*", "[^"]*", "omafan-ctl ' "$OMAFAN_HYPR_CONFIG")" \
     "no bare omafan-ctl token remains in the block"
 assert_eq "0" "$(grep -cE ' o\.bind\([^"]*, "[^"]*", "omafan-ctl' "$OMAFAN_HYPR_CONFIG")" \
     "every helper call is an absolute path, not a PATH lookup"
-for cmd in $(block_cmds "$OMAFAN_HYPR_CONFIG" | grep -E ' (preset|cycle) '); do
+block_cmds "$OMAFAN_HYPR_CONFIG" | grep -E ' (preset|cycle) ' |
+while IFS= read -r cmd; do
     assert_eq "0" "$(test -x "${cmd%% *}"; printf %s $?)" \
         "helper path in the block is an executable: ${cmd%% *}"
 done
 unset OMAFAN_CTL

[0m
Now the test fixes (per-line helper loop, OMAFAN_CTL in 11d, helper-line filter in 11e):
[0m← [0mEdit tests/keybindings.test.sh
Index: /home/prakhar/Work/tries/2026-09-15-omafan/tests/keybindings.test.sh
===================================================================
--- /home/prakhar/Work/tries/2026-09-15-omafan/tests/keybindings.test.sh
+++ /home/prakhar/Work/tries/2026-09-15-omafan/tests/keybindings.test.sh
@@ -368,10 +368,14 @@
 unsandbox
 
 # 11d (D2): install refuses on a quote character too (defence in depth).
 sandbox '[]'
-printf '#!/usr/bin/env bash\nexit 0\n' > "$SANDBOXDIR/ctl'quote"
-chmod +x "$SANDBOXDIR/ctl'quote"
+mkdir -p "$SANDBOXDIR/ctl"
+printf '#!/usr/bin/env bash\nexit 0\n' > "$SANDBOXDIR/ctl/omafan'quote"
+chmod +x "$SANDBOXDIR/ctl/omafan'quote"
+printf '' > "$OMAFAN_HYPR_CONFIG"
+OMAFAN_CTL="$SANDBOXDIR/ctl/omafan'quote"
+export OMAFAN_CTL
 out="$("$KB" install 2>&1)"
 assert_ne "0" "$?" "helper path with a quote makes install fail"
 assert_contains "$out" 'whitespace, a quote or a backslash' \
     "refusal names the unquotable character"

[0m
[0m← [0mEdit tests/keybindings.test.sh
Index: /home/prakhar/Work/tries/2026-09-15-omafan/tests/keybindings.test.sh
===================================================================
--- /home/prakhar/Work/tries/2026-09-15-omafan/tests/keybindings.test.sh
+++ /home/prakhar/Work/tries/2026-09-15-omafan/tests/keybindings.test.sh
@@ -407,9 +407,10 @@
 
 assert_exit_code 0 "$KB" install
 assert_contains "$(cat "$OMAFAN_HYPR_CONFIG")" "$SBOX/ctlb/omafan-ctl" \
     "re-running install refreshes the block to the current helper"
-first_helper="$(block_cmds "$OMAFAN_HYPR_CONFIG" | grep -o '^[^ ]*' | head -n 1)"
+first_helper="$(block_cmds "$OMAFAN_HYPR_CONFIG" |
+    grep -E ' (preset|cycle) ' | grep -o '^[^ ]*' | head -n 1)"
 assert_eq "$SBOX/ctlb/omafan-ctl" "$first_helper" \
     "the refreshed block calls the new helper as its first token"
 if grep -q 'ctla/omafan-ctl' "$OMAFAN_HYPR_CONFIG" 2>/dev/null; then
     assert_eq "0" "1" "old helper ctla must be gone after the refresh"

[0m
[0m$ [0mbash tests/keybindings.test.sh; echo "EXIT=$?"
PASS 71 / FAIL 0
EXIT=0
[0m
All green. Running the remaining convention gates plus the evidence transcript:
[0m$ [0mbash -n bin/omafan-keybindings; bash -n tests/keybindings.test.sh; echo "bash-n ok"; omarchy plugin validate . >/dev/null 2>&1; echo "plugin validate exit=$?"
bash-n ok
plugin validate exit=0
[0m
[0m$ [0mb=/tmp/opencode/t06b-ev; rm -rf "$b"; mkdir -p "$b/home/.config/hypr"; export HOME="$b/home"
printf -- '-- my own bindings\no.bind("SUPER + Q", "mine", "true")\n' > "$b/home/.config/hypr/bindings.lua"
echo '=== print ==='; /home/prakhar/Work/tries/2026-09-15-omafan/bin/omafan-keybindings print
echo '=== install ==='; /home/prakhar/Work/tries/2026-09-15-omafan/bin/omafan-keybindings install
echo '=== status ==='; /home/prakhar/Work/tries/2026-09-15-omafan/bin/omafan-keybindings status
echo '=== remove ==='; /home/prakhar/Work/tries/2026-09-15-omafan/bin/omafan-keybindings remove
cmp -s "$b/home/.config/hypr/bindings.lua.orig" "$b/home/.config/hypr/bindings.lua" || true
unset HOME
=== print ===
-- BEGIN omafan
-- omafan fan keybindings (plugin io.github.yadav-prakhar.omafan, helper: /home/prakhar/Work/tries/2026-09-15-omafan/bin/omafan-ctl)
-- Remove with: ~/.config/omarchy/plugins/io.github.yadav-prakhar.omafan/bin/omafan-keybindings remove
-- Managed by bin/omafan-keybindings; edits inside this block are overwritten.
o.bind("SUPER + ALT + T", "omafan: toggle fan panel", "omarchy-shell omafan toggle")
o.bind("SUPER + ALT + A", "omafan: fans auto (firmware)", "/home/prakhar/Work/tries/2026-09-15-omafan/bin/omafan-ctl preset auto --notify")
o.bind("SUPER + ALT + O", "omafan: fans off (floor)", "/home/prakhar/Work/tries/2026-09-15-omafan/bin/omafan-ctl preset off --notify")
o.bind("SUPER + ALT + L", "omafan: fans low", "/home/prakhar/Work/tries/2026-09-15-omafan/bin/omafan-ctl preset low --notify")
o.bind("SUPER + ALT + M", "omafan: fans medium", "/home/prakhar/Work/tries/2026-09-15-omafan/bin/omafan-ctl preset med --notify")
o.bind("SUPER + ALT + H", "omafan: fans high", "/home/prakhar/Work/tries/2026-09-15-omafan/bin/omafan-ctl preset high --notify")
o.bind("SUPER + ALT + X", "omafan: fans full", "/home/prakhar/Work/tries/2026-09-15-omafan/bin/omafan-ctl preset full --notify")
o.bind("SUPER + ALT + C", "omafan: cycle fan presets", "/home/prakhar/Work/tries/2026-09-15-omafan/bin/omafan-ctl cycle --notify")
-- END omafan
=== install ===
omafan-keybindings: hyprctl did not report the omafan chords after reload - run 'omafan-keybindings status' and 'hyprctl binds -j | grep omafan' to investigate
=== status ===
target: /tmp/opencode/t06b-ev/home/.config/hypr/bindings.lua
block: installed
helper: /home/prakhar/Work/tries/2026-09-15-omafan/bin/omafan-ctl
SUPER + ALT + T  installed
SUPER + ALT + A  installed
SUPER + ALT + O  installed
SUPER + ALT + L  installed
SUPER + ALT + M  installed
SUPER + ALT + H  installed
SUPER + ALT + X  installed
SUPER + ALT + C  installed
=== remove ===
omafan keybindings removed from /tmp/opencode/t06b-ev/home/.config/hypr/bindings.lua
[0m
One environment note: outside the test sandbox the real `hyprctl` was consulted, and the reload check can't see the tempdir fixture — hence the warning after the block was written (expected, fixture-only). Verifying byte-identical restoration in the evidence dir:
[0m$ [0mb=/tmp/opencode/t06b-ev; printf -- '-- my own bindings\no.bind("SUPER + Q", "mine", "true")\n' > "$b/expected"; cmp "$b/expected" "$b/home/.config/hypr/bindings.lua" && echo BYTE_IDENTICAL_RESTORE_OK
BYTE_IDENTICAL_RESTORE_OK
[0m
[0m$ [0mbash tests/keybindings.test.sh 2>/dev/null | tail -1; rm -rf /tmp/opencode/t06b-ev; ls -la bin/omafan-keybindings tests/keybindings.test.sh
PASS 71 / FAIL 0
-rwxr-xr-x 1 prakhar prakhar 18892 Sep 15 03:49 bin/omafan-keybindings
-rwxr-xr-x 1 prakhar prakhar 16908 Sep 15 03:49 tests/keybindings.test.sh
[0m
TICKET: T06b
FILES:
- bin/omafan-keybindings: 487 lines
- tests/keybindings.test.sh: 426 lines

GATES:
- `bash -n bin/omafan-keybindings && bash -n tests/keybindings.test.sh` → clean
- `bash tests/keybindings.test.sh` → `PASS 71 / FAIL 0` (n ≥ 58), exit 0
- `omarchy plugin validate .` → exit 0 (conventions gate; repo-level, rerun by orchestrator)

EVIDENCE:
- Emitted block with resolved helper (`print` from tempdir HOME):
  ```
  -- BEGIN omafan
  -- omafan fan keybindings (plugin io.github.yadav-prakhar.omafan, helper: /home/prakhar/Work/tries/2026-09-15-omafan/bin/omafan-ctl)
  o.bind("SUPER + ALT + T", "omafan: toggle fan panel", "omarchy-shell omafan toggle")
  o.bind("SUPER + ALT + A", "omafan: fans auto (firmware)", ".../bin/omafan-ctl preset auto --notify")
  o.bind("SUPER + ALT + O", ... off), o.bind("SUPER + ALT + L", ... low),
  o.bind("SUPER + ALT + M", ... med), o.bind("SUPER + ALT + H", ... high),
  o.bind("SUPER + ALT + X", ... full), o.bind("SUPER + ALT + C", ... cycle)
  -- END omafan
  ```
  (all helper chords carry the absolute path; only the toggle keeps `omarchy-shell`)
- `status` from the tempdir run: `target: …bindings.lua`, `block: installed`, `helper: …/bin/omafan-ctl`, eight per-chord `SUPER + ALT + <K> installed` lines.
- Extratemporal note in the transcript: with the real `hyprctl` present, `install` wrote the block then the live-reload check failed because the compositor never loaded the fixture file — fixture-only artefact, same behaviour as before this round.
- Byte-identical restore after `remove` verified with `cmp` in the same tempdir (`BYTE_IDENTICAL_RESTORE_OK`); suite re-run confirms `PASS 71 / FAIL 0`.

Decisions:
1. D1 resolution done in `main` (after `OMAFAN_HYPR_CONFIG` et al.) so every subcommand (`print` included) emits the same resolved path, per the ticket text "resolve at install time". Header override `OMAFAN_CTL` added.
2. Installing over a stale managed block now replaces it (cuts the old block, then appends) instead of stacking a second block. This was latent before: the old static `BLOCK` never changed, so `cmd_install` never needed this path. Required by D3's "`re-run install` fixes stale-path". Follows DESIGN.md §7 "exactly one managed block".
3. D2 guard order: executable-file check first, then whitespace/quote/backslash check; refusal happens before `mkdir`/anything, satisfying "write nothing", exit 1, named problem + fix.
4. `status` reports `stale-path` (exit still 0; the frozen frozen shape only reserves exit 1 for conflicts), printing the on-disk helper, the resolved one, and the fix — per D3 wording.
5. `usage()` menu range updated from `2,35` to `2,38` because the header override list grew (help output only; behaviour unchanged otherwise).

OPEN: none. `tests/run-all.sh` not run (orchestrator-owned; may not yet exist — no other ticket's files touched). No git, no sudo, no installs performed.
