=== dispatch T13 model=opencode-go/mimo-v2.5 variant=default at 2026-09-15T03:50:23+05:30
[0m
> Sisyphus - ultraworker · mimo-v2.5
[0m
[0m→ [0mRead orchestration/instructions/WORKER.md
[0m→ [0mRead PRD.md
[0m→ [0mRead DESIGN.md
[0m→ [0mRead PLAN.md
[0m→ [0mRead orchestration/tickets/T13.md
I'll read all the specified files in parallel to understand the full context.
[0m✱ [0mGlob "**/*.md"[90m in .[0m
[0m✱ [0mGlob "docs/*"[90m in .[0m
[0m→ [0mRead .
I detect **implementation** intent — T13 is explicit. I need to create `CHANGELOG.md` and `docs/PUBLISHING.md`. Let me check the repo state first.
[0m→ [0mRead docs
[0m→ [0mRead manifest.json
[0m→ [0mRead LICENSE[90m [limit=20][0m
[0m✗ [0mRead README.md failed
[91m[1mError: [0mFile not found: /home/prakhar/Work/tries/2026-09-15-omafan/README.md
Let me check the README for context on the description.
[0m
[0m# [0mTodos
[•] Create CHANGELOG.md with Keep-a-Changelog 1.0.0 entry for v1.0.0
[ ] Create docs/PUBLISHING.md with marketplace submission package
[ ] Run bash -n on any shell files touched (none here)
[ ] Verify no placeholder text remains
[0m
All context gathered. Now creating the two files. No `docs/` entries exist yet, so I'll create both.
[0m← [0mWrite CHANGELOG.md
Wrote file successfully.
[0m
[0m← [0mWrite docs/PUBLISHING.md
Wrote file successfully.
[0m
[0m# [0mTodos
[✓] Create CHANGELOG.md with Keep-a-Changelog 1.0.0 entry for v1.0.0
[✓] Create docs/PUBLISHING.md with marketplace submission package
[ ] Run bash -n on any shell files touched (none here)
[•] Verify no placeholder text remains
[0m
[0m✱ [0mGrep "<[^>]+>"[90m in CHANGELOG.md[0m
[0m✱ [0mGrep "<[^>]+>"[90m in docs/PUBLISHING.md[0m
[0m✱ [0mGrep "TODO"[90m in CHANGELOG.md[0m
[0m✱ [0mGrep "TODO"[90m in docs/PUBLISHING.md[0m
[0m
[0m# [0mTodos
[✓] Create CHANGELOG.md with Keep-a-Changelog 1.0.0 entry for v1.0.0
[✓] Create docs/PUBLISHING.md with marketplace submission package
[ ] Run bash -n on any shell files touched (none here)
[✓] Verify no placeholder text remains
[0m
No angle-bracket placeholders. The one "TODO" hit is in the checklist sentence "contain no TODO" — that's the prohibition, not an actual TODO.
[0m→ [0mRead CHANGELOG.md
Let me do a final read of both files to confirm correctness.
[0m→ [0mRead docs/PUBLISHING.md
All done. Report:

```
TICKET: T13
FILES: CHANGELOG.md:35, docs/PUBLISHING.md:113
GATES: grep '<[^>]*>' CHANGELOG.md docs/PUBLISHING.md -> no matches (no placeholders); grep 'TODO' both files -> only the prohibition sentence, no actual TODOs
EVIDENCE: both files created, content verified; issue body in docs/PUBLISHING.md is copy-pasteable with resolved fields (repo URL, category, tags, description all concrete)
DECISIONS: Keep-a-Changelog 1.0.0 format with "Added" section only for the initial release; issue body mirrors DESIGN.md §1 identity and PRD §1.1 differentiation; gh commands are exact operator-actionable; no shell files touched so bash -n not applicable
OPEN: none
```
